// Jest Snapshot v1, https://goo.gl/fbAQLP

exports[`renders UniversityTableHeading  view without crashing 1`] = `
<DocumentFragment>
  No.NameCountryWebsite
</DocumentFragment>
`;
