// Jest Snapshot v1, https://goo.gl/fbAQLP

exports[`renders pagination navigaton view without crashing 1`] = `
<DocumentFragment>
  <div
    class="Toastify"
  />
  <nav
    aria-label="main navigation"
    class="navbar"
    role="navigation"
  >
    <div
      class="navbar-brand"
    >
      <a
        class="navbar-item"
        href="/"
      >
        <img
          alt="Logo"
          height="28"
          src="https://bulma.io/images/bulma-logo.png"
          width="112"
        />
      </a>
      <a
        aria-expanded="false"
        aria-label="menu"
        class="navbar-burger burger "
        data-target="navbarBasicExample"
        role="button"
      >
        <span
          aria-hidden="true"
        />
        <span
          aria-hidden="true"
        />
        <span
          aria-hidden="true"
        />
      </a>
    </div>
    <div
      class="navbar-menu "
      id="navbarBasicExample"
    >
      <div
        class="navbar-start"
      >
        <div
          class="navbar-item"
        >
          <a
            class="navbar-item"
            href="/"
          >
            Home
          </a>
          <a
            class="navbar-item"
            href="/subscription"
          >
            Subscription
          </a>
          <a
            class="navbar-item"
            href="/register"
          >
            Register
          </a>
          <a
            class="navbar-item"
            href="/login"
          >
            Login
          </a>
        </div>
      </div>
    </div>
  </nav>
</DocumentFragment>
`;
