// Jest Snapshot v1, https://goo.gl/fbAQLP

exports[`renders error view without crashing 1`] = `
<DocumentFragment>
  <section
    class="section is-medium notfound"
  >
    <div
      class="container"
    >
      <div
        class="columns is-vcentered"
      >
        <div
          class="column has-text-centered"
        >
          <h1
            class="title"
          >
            404 Page Not Found
          </h1>
          <p
            class="subtitle"
          >
            An unexpected error has occurred..
          </p>
          <a
            class="button"
            href="/"
          >
            Visit Homepage
          </a>
        </div>
        <div
          class="column has-text-centered"
        >
          <img
            src="https://cellphones.com.vn/sforum/wp-content/uploads/2021/09/404.2.png"
          />
        </div>
      </div>
    </div>
  </section>
</DocumentFragment>
`;
