// Jest Snapshot v1, https://goo.gl/fbAQLP

exports[`renders error view without crashing 1`] = `
<DocumentFragment>
  <div>
    <h1
      class="title"
    >
      University List
    </h1>
    <div
      class="field"
    >
      <p
        class="control is-expanded has-icons-right"
      >
        <input
          class="input searchInput"
          placeholder="Search..."
          type="search"
          value=""
        />
        <span
          class="icon is-small is-right"
        >
          <i
            class="fas fa-search"
          />
        </span>
      </p>
    </div>
    <section
      class="section"
    >
      <h4>
        Total 0 seach results
      </h4>
      <label
        class="label sortBy"
      >
        Sort By:
      </label>
      <div
        class="select is-normal"
      >
        <select>
          <option
            value="country"
          >
            Country
          </option>
          <option
            selected=""
            value="name"
          >
            Name
          </option>
        </select>
      </div>
      <div
        class="level-item"
      >
        <small>
          Page 0 of 1 
        </small>
      </div>
      <div
        class="container"
      >
        <div
          class="b-table"
        >
          <div
            class="table-wrapper has-mobile-cards"
          >
            <table
              class="table is-fullwidth is-striped is-hoverable is-fullwidth"
            >
              <thead>
                <tr>
                  <th>
                    No.
                  </th>
                  <th>
                    Name
                  </th>
                  <th>
                    Country
                  </th>
                  <th>
                    Website
                  </th>
                </tr>
              </thead>
              <tbody>
                <tr
                  class="is-empty"
                >
                  <td
                    colspan="7"
                  >
                    <section
                      class="section"
                    >
                      <div
                        class="content has-text-grey has-text-centered"
                      >
                        <p>
                          <span
                            class="icon is-large"
                          >
                            <i
                              class="mdi mdi-emoticon-sad mdi-48px"
                            />
                          </span>
                        </p>
                        <p>
                          Nothing's thereâ€¦
                        </p>
                      </div>
                    </section>
                  </td>
                </tr>
              </tbody>
            </table>
          </div>
          <div
            class="notification"
          >
            <div
              class="level"
            >
              <div
                class="level-left"
              >
                <div
                  class="level-item"
                >
                  <div
                    class="buttons has-addons"
                  />
                </div>
                <div
                  class="level-right"
                >
                  <button
                    class="pagination-previous"
                    disabled=""
                  >
                    Previous
                  </button>
                  <button
                    class="pagination-next"
                    disabled=""
                  >
                    Next page
                  </button>
                </div>
              </div>
            </div>
          </div>
        </div>
      </div>
    </section>
  </div>
</DocumentFragment>
`;
