// Jest Snapshot v1, https://goo.gl/fbAQLP

exports[`renders app 1`] = `
<DocumentFragment>
  <div>
    ErrorView
  </div>
</DocumentFragment>
`;

exports[`renders error view without crashing 1`] = `
<DocumentFragment>
  <div>
    ErrorView
  </div>
</DocumentFragment>
`;
